gftadmin@ubuntu:~/git-katas/basic-commits/exercise$ cd $HOME
gftadmin@ubuntu:~$ docker

Usage:  docker [OPTIONS] COMMAND

A self-sufficient runtime for containers

Options:
      --config string      Location of client config files (default "/home/gftadmin/.docker")
  -c, --context string     Name of the context to use to connect to the daemon (overrides DOCKER_HOST env var and default context set with "docker context use")
  -D, --debug              Enable debug mode
  -H, --host list          Daemon socket(s) to connect to
  -l, --log-level string   Set the logging level ("debug"|"info"|"warn"|"error"|"fatal") (default "info")
      --tls                Use TLS; implied by --tlsverify
      --tlscacert string   Trust certs signed only by this CA (default "/home/gftadmin/.docker/ca.pem")
      --tlscert string     Path to TLS certificate file (default "/home/gftadmin/.docker/cert.pem")
      --tlskey string      Path to TLS key file (default "/home/gftadmin/.docker/key.pem")
      --tlsverify          Use TLS and verify the remote
  -v, --version            Print version information and quit

Management Commands:
  app*        Docker App (Docker Inc., v0.9.1-beta3)
  builder     Manage builds
  buildx*     Docker Buildx (Docker Inc., v0.7.1-docker)
  config      Manage Docker configs
  container   Manage containers
  context     Manage contexts
  image       Manage images
  manifest    Manage Docker image manifests and manifest lists
  network     Manage networks
  node        Manage Swarm nodes
  plugin      Manage plugins
  scan*       Docker Scan (Docker Inc., v0.12.0)
  secret      Manage Docker secrets
  service     Manage services
  stack       Manage Docker stacks
  swarm       Manage Swarm
  system      Manage Docker
  trust       Manage trust on Docker images
  volume      Manage volumes

Commands:
  attach      Attach local standard input, output, and error streams to a running container
  build       Build an image from a Dockerfile
  commit      Create a new image from a container's changes
  cp          Copy files/folders between a container and the local filesystem
  create      Create a new container
  diff        Inspect changes to files or directories on a container's filesystem
  events      Get real time events from the server
  exec        Run a command in a running container
  export      Export a container's filesystem as a tar archive
  history     Show the history of an image
  images      List images
  import      Import the contents from a tarball to create a filesystem image
  info        Display system-wide information
  inspect     Return low-level information on Docker objects
  kill        Kill one or more running containers
  load        Load an image from a tar archive or STDIN
  login       Log in to a Docker registry
  logout      Log out from a Docker registry
  logs        Fetch the logs of a container
  pause       Pause all processes within one or more containers
  port        List port mappings or a specific mapping for the container
  ps          List containers
  pull        Pull an image or a repository from a registry
  push        Push an image or a repository to a registry
  rename      Rename a container
  restart     Restart one or more containers
  rm          Remove one or more containers
  rmi         Remove one or more images
  run         Run a command in a new container
  save        Save one or more images to a tar archive (streamed to STDOUT by default)
  search      Search the Docker Hub for images
  start       Start one or more stopped containers
  stats       Display a live stream of container(s) resource usage statistics
  stop        Stop one or more running containers
  tag         Create a tag TARGET_IMAGE that refers to SOURCE_IMAGE
  top         Display the running processes of a container
  unpause     Unpause all processes within one or more containers
  update      Update configuration of one or more containers
  version     Show the Docker version information
  wait        Block until one or more containers stop, then print their exit codes

Run 'docker COMMAND --help' for more information on a command.

To get more help with docker, check out our guides at https://docs.docker.com/go/guides/
gftadmin@ubuntu:~$ 
gftadmin@ubuntu:~$ docker run
"docker run" requires at least 1 argument.
See 'docker run --help'.

Usage:  docker run [OPTIONS] IMAGE [COMMAND] [ARG...]

Run a command in a new container
gftadmin@ubuntu:~$ docker run --help

Usage:  docker run [OPTIONS] IMAGE [COMMAND] [ARG...]

Run a command in a new container

Options:
      --add-host list                  Add a custom host-to-IP mapping (host:ip)
  -a, --attach list                    Attach to STDIN, STDOUT or STDERR
      --blkio-weight uint16            Block IO (relative weight), between 10 and 1000, or 0 to disable (default 0)
      --blkio-weight-device list       Block IO weight (relative device weight) (default [])
      --cap-add list                   Add Linux capabilities
      --cap-drop list                  Drop Linux capabilities
      --cgroup-parent string           Optional parent cgroup for the container
      --cgroupns string                Cgroup namespace to use (host|private)
                                       'host':    Run the container in the Docker host's cgroup namespace
                                       'private': Run the container in its own private cgroup namespace
                                       '':        Use the cgroup namespace as configured by the
                                                  default-cgroupns-mode option on the daemon (default)
      --cidfile string                 Write the container ID to the file
      --cpu-period int                 Limit CPU CFS (Completely Fair Scheduler) period
      --cpu-quota int                  Limit CPU CFS (Completely Fair Scheduler) quota
      --cpu-rt-period int              Limit CPU real-time period in microseconds
      --cpu-rt-runtime int             Limit CPU real-time runtime in microseconds
  -c, --cpu-shares int                 CPU shares (relative weight)
      --cpus decimal                   Number of CPUs
      --cpuset-cpus string             CPUs in which to allow execution (0-3, 0,1)
      --cpuset-mems string             MEMs in which to allow execution (0-3, 0,1)
  -d, --detach                         Run container in background and print container ID
      --detach-keys string             Override the key sequence for detaching a container
      --device list                    Add a host device to the container
      --device-cgroup-rule list        Add a rule to the cgroup allowed devices list
      --device-read-bps list           Limit read rate (bytes per second) from a device (default [])
      --device-read-iops list          Limit read rate (IO per second) from a device (default [])
      --device-write-bps list          Limit write rate (bytes per second) to a device (default [])
      --device-write-iops list         Limit write rate (IO per second) to a device (default [])
      --disable-content-trust          Skip image verification (default true)
      --dns list                       Set custom DNS servers
      --dns-option list                Set DNS options
      --dns-search list                Set custom DNS search domains
      --domainname string              Container NIS domain name
      --entrypoint string              Overwrite the default ENTRYPOINT of the image
  -e, --env list                       Set environment variables
      --env-file list                  Read in a file of environment variables
      --expose list                    Expose a port or a range of ports
      --gpus gpu-request               GPU devices to add to the container ('all' to pass all GPUs)
      --group-add list                 Add additional groups to join
      --health-cmd string              Command to run to check health
      --health-interval duration       Time between running the check (ms|s|m|h) (default 0s)
      --health-retries int             Consecutive failures needed to report unhealthy
      --health-start-period duration   Start period for the container to initialize before starting health-retries countdown (ms|s|m|h) (default 0s)
      --health-timeout duration        Maximum time to allow one check to run (ms|s|m|h) (default 0s)
      --help                           Print usage
  -h, --hostname string                Container host name
      --init                           Run an init inside the container that forwards signals and reaps processes
  -i, --interactive                    Keep STDIN open even if not attached
      --ip string                      IPv4 address (e.g., 172.30.100.104)
      --ip6 string                     IPv6 address (e.g., 2001:db8::33)
      --ipc string                     IPC mode to use
      --isolation string               Container isolation technology
      --kernel-memory bytes            Kernel memory limit
  -l, --label list                     Set meta data on a container
      --label-file list                Read in a line delimited file of labels
      --link list                      Add link to another container
      --link-local-ip list             Container IPv4/IPv6 link-local addresses
      --log-driver string              Logging driver for the container
      --log-opt list                   Log driver options
      --mac-address string             Container MAC address (e.g., 92:d0:c6:0a:29:33)
  -m, --memory bytes                   Memory limit
      --memory-reservation bytes       Memory soft limit
      --memory-swap bytes              Swap limit equal to memory plus swap: '-1' to enable unlimited swap
      --memory-swappiness int          Tune container memory swappiness (0 to 100) (default -1)
      --mount mount                    Attach a filesystem mount to the container
      --name string                    Assign a name to the container
      --network network                Connect a container to a network
      --network-alias list             Add network-scoped alias for the container
      --no-healthcheck                 Disable any container-specified HEALTHCHECK
      --oom-kill-disable               Disable OOM Killer
      --oom-score-adj int              Tune host's OOM preferences (-1000 to 1000)
      --pid string                     PID namespace to use
      --pids-limit int                 Tune container pids limit (set -1 for unlimited)
      --platform string                Set platform if server is multi-platform capable
      --privileged                     Give extended privileges to this container
  -p, --publish list                   Publish a container's port(s) to the host
  -P, --publish-all                    Publish all exposed ports to random ports
      --pull string                    Pull image before running ("always"|"missing"|"never") (default "missing")
      --read-only                      Mount the container's root filesystem as read only
      --restart string                 Restart policy to apply when a container exits (default "no")
      --rm                             Automatically remove the container when it exits
      --runtime string                 Runtime to use for this container
      --security-opt list              Security Options
      --shm-size bytes                 Size of /dev/shm
      --sig-proxy                      Proxy received signals to the process (default true)
      --stop-signal string             Signal to stop a container (default "SIGTERM")
      --stop-timeout int               Timeout (in seconds) to stop a container
      --storage-opt list               Storage driver options for the container
      --sysctl map                     Sysctl options (default map[])
      --tmpfs list                     Mount a tmpfs directory
  -t, --tty                            Allocate a pseudo-TTY
      --ulimit ulimit                  Ulimit options (default [])
  -u, --user string                    Username or UID (format: <name|uid>[:<group|gid>])
      --userns string                  User namespace to use
      --uts string                     UTS namespace to use
  -v, --volume list                    Bind mount a volume
      --volume-driver string           Optional volume driver for the container
      --volumes-from list              Mount volumes from the specified container(s)
  -w, --workdir string                 Working directory inside the container
gftadmin@ubuntu:~$ 
gftadmin@ubuntu:~$ docker run -it --rm hello-world

Hello from Docker!
This message shows that your installation appears to be working correctly.

To generate this message, Docker took the following steps:
 1. The Docker client contacted the Docker daemon.
 2. The Docker daemon pulled the "hello-world" image from the Docker Hub.
    (amd64)
 3. The Docker daemon created a new container from that image which runs the
    executable that produces the output you are currently reading.
 4. The Docker daemon streamed that output to the Docker client, which sent it
    to your terminal.

To try something more ambitious, you can run an Ubuntu container with:
 $ docker run -it ubuntu bash

Share images, automate workflows, and more with a free Docker ID:
 https://hub.docker.com/

For more examples and ideas, visit:
 https://docs.docker.com/get-started/

gftadmin@ubuntu:~$ docker run -it --rm ubuntu
Unable to find image 'ubuntu:latest' locally
latest: Pulling from library/ubuntu
ea362f368469: Pull complete 
Digest: sha256:b5a61709a9a44284d88fb12e5c48db0409cfad5b69d4ff8224077c57302df9cf
Status: Downloaded newer image for ubuntu:latest
root@c86beda1f3a0:/# uname -a
Linux c86beda1f3a0 4.15.0-166-generic #174-Ubuntu SMP Wed Dec 8 19:07:44 UTC 2021 x86_64 x86_64 x86_64 GNU/Linux
root@c86beda1f3a0:/# exit
exit
gftadmin@ubuntu:~$ docker run -it --rm centos
Unable to find image 'centos:latest' locally
latest: Pulling from library/centos
a1d0c7532777: Pull complete 
Digest: sha256:a27fd8080b517143cbbbab9dfb7c8571c40d67d534bbdee55bd6c473f432b177
Status: Downloaded newer image for centos:latest
[root@398b95989042 /]# 
[root@398b95989042 /]# ls
bin  dev  etc  home  lib  lib64  lost+found  media  mnt  opt  proc  root  run  sbin  srv  sys  tmp  usr  var
[root@398b95989042 /]# uname -a
Linux 398b95989042 4.15.0-166-generic #174-Ubuntu SMP Wed Dec 8 19:07:44 UTC 2021 x86_64 x86_64 x86_64 GNU/Linux
[root@398b95989042 /]# exit
exit
gftadmin@ubuntu:~$ 
gftadmin@ubuntu:~$ 
gftadmin@ubuntu:~$ docker run --help

Usage:  docker run [OPTIONS] IMAGE [COMMAND] [ARG...]

Run a command in a new container

Options:
      --add-host list                  Add a custom host-to-IP mapping (host:ip)
  -a, --attach list                    Attach to STDIN, STDOUT or STDERR
      --blkio-weight uint16            Block IO (relative weight), between 10 and 1000, or 0 to disable (default 0)
      --blkio-weight-device list       Block IO weight (relative device weight) (default [])
      --cap-add list                   Add Linux capabilities
      --cap-drop list                  Drop Linux capabilities
      --cgroup-parent string           Optional parent cgroup for the container
      --cgroupns string                Cgroup namespace to use (host|private)
                                       'host':    Run the container in the Docker host's cgroup namespace
                                       'private': Run the container in its own private cgroup namespace
                                       '':        Use the cgroup namespace as configured by the
                                                  default-cgroupns-mode option on the daemon (default)
      --cidfile string                 Write the container ID to the file
      --cpu-period int                 Limit CPU CFS (Completely Fair Scheduler) period
      --cpu-quota int                  Limit CPU CFS (Completely Fair Scheduler) quota
      --cpu-rt-period int              Limit CPU real-time period in microseconds
      --cpu-rt-runtime int             Limit CPU real-time runtime in microseconds
  -c, --cpu-shares int                 CPU shares (relative weight)
      --cpus decimal                   Number of CPUs
      --cpuset-cpus string             CPUs in which to allow execution (0-3, 0,1)
      --cpuset-mems string             MEMs in which to allow execution (0-3, 0,1)
  -d, --detach                         Run container in background and print container ID
      --detach-keys string             Override the key sequence for detaching a container
      --device list                    Add a host device to the container
      --device-cgroup-rule list        Add a rule to the cgroup allowed devices list
      --device-read-bps list           Limit read rate (bytes per second) from a device (default [])
      --device-read-iops list          Limit read rate (IO per second) from a device (default [])
      --device-write-bps list          Limit write rate (bytes per second) to a device (default [])
      --device-write-iops list         Limit write rate (IO per second) to a device (default [])
      --disable-content-trust          Skip image verification (default true)
      --dns list                       Set custom DNS servers
      --dns-option list                Set DNS options
      --dns-search list                Set custom DNS search domains
      --domainname string              Container NIS domain name
      --entrypoint string              Overwrite the default ENTRYPOINT of the image
  -e, --env list                       Set environment variables
      --env-file list                  Read in a file of environment variables
      --expose list                    Expose a port or a range of ports
      --gpus gpu-request               GPU devices to add to the container ('all' to pass all GPUs)
      --group-add list                 Add additional groups to join
      --health-cmd string              Command to run to check health
      --health-interval duration       Time between running the check (ms|s|m|h) (default 0s)
      --health-retries int             Consecutive failures needed to report unhealthy
      --health-start-period duration   Start period for the container to initialize before starting health-retries countdown (ms|s|m|h) (default 0s)
      --health-timeout duration        Maximum time to allow one check to run (ms|s|m|h) (default 0s)
      --help                           Print usage
  -h, --hostname string                Container host name
      --init                           Run an init inside the container that forwards signals and reaps processes
  -i, --interactive                    Keep STDIN open even if not attached
      --ip string                      IPv4 address (e.g., 172.30.100.104)
      --ip6 string                     IPv6 address (e.g., 2001:db8::33)
      --ipc string                     IPC mode to use
      --isolation string               Container isolation technology
      --kernel-memory bytes            Kernel memory limit
  -l, --label list                     Set meta data on a container
      --label-file list                Read in a line delimited file of labels
      --link list                      Add link to another container
      --link-local-ip list             Container IPv4/IPv6 link-local addresses
      --log-driver string              Logging driver for the container
      --log-opt list                   Log driver options
      --mac-address string             Container MAC address (e.g., 92:d0:c6:0a:29:33)
  -m, --memory bytes                   Memory limit
      --memory-reservation bytes       Memory soft limit
      --memory-swap bytes              Swap limit equal to memory plus swap: '-1' to enable unlimited swap
      --memory-swappiness int          Tune container memory swappiness (0 to 100) (default -1)
      --mount mount                    Attach a filesystem mount to the container
      --name string                    Assign a name to the container
      --network network                Connect a container to a network
      --network-alias list             Add network-scoped alias for the container
      --no-healthcheck                 Disable any container-specified HEALTHCHECK
      --oom-kill-disable               Disable OOM Killer
      --oom-score-adj int              Tune host's OOM preferences (-1000 to 1000)
      --pid string                     PID namespace to use
      --pids-limit int                 Tune container pids limit (set -1 for unlimited)
      --platform string                Set platform if server is multi-platform capable
      --privileged                     Give extended privileges to this container
  -p, --publish list                   Publish a container's port(s) to the host
  -P, --publish-all                    Publish all exposed ports to random ports
      --pull string                    Pull image before running ("always"|"missing"|"never") (default "missing")
      --read-only                      Mount the container's root filesystem as read only
      --restart string                 Restart policy to apply when a container exits (default "no")
      --rm                             Automatically remove the container when it exits
      --runtime string                 Runtime to use for this container
      --security-opt list              Security Options
      --shm-size bytes                 Size of /dev/shm
      --sig-proxy                      Proxy received signals to the process (default true)
      --stop-signal string             Signal to stop a container (default "SIGTERM")
      --stop-timeout int               Timeout (in seconds) to stop a container
      --storage-opt list               Storage driver options for the container
      --sysctl map                     Sysctl options (default map[])
      --tmpfs list                     Mount a tmpfs directory
  -t, --tty                            Allocate a pseudo-TTY
      --ulimit ulimit                  Ulimit options (default [])
  -u, --user string                    Username or UID (format: <name|uid>[:<group|gid>])
      --userns string                  User namespace to use
      --uts string                     UTS namespace to use
  -v, --volume list                    Bind mount a volume
      --volume-driver string           Optional volume driver for the container
      --volumes-from list              Mount volumes from the specified container(s)
  -w, --workdir string                 Working directory inside the container
gftadmin@ubuntu:~$ docker run -it --rm ubuntu
root@63803b44e99b:/# ls
bin  boot  dev  etc  home  lib  lib32  lib64  libx32  media  mnt  opt  proc  root  run  sbin  srv  sys  tmp  usr  var
root@63803b44e99b:/# bash     
root@63803b44e99b:/# apt get-install git
E: Invalid operation get-install
root@63803b44e99b:/# apt get install git
E: Invalid operation get
root@63803b44e99b:/# apt.get install git
bash: apt.get: command not found
root@63803b44e99b:/# apt-get install git
Reading package lists... Done
Building dependency tree       
Reading state information... Done
E: Unable to locate package git
root@63803b44e99b:/# exit
exit
root@63803b44e99b:/# ls
bin  boot  dev  etc  home  lib  lib32  lib64  libx32  media  mnt  opt  proc  root  run  sbin  srv  sys  tmp  usr  var
root@63803b44e99b:/# exit
exit
gftadmin@ubuntu:~$ ls
Desktop  Documents  Downloads  git-katas  linux-agent-installer.sh  Music  optimize.sh  pagina-web  Pictures  portainer  Public  snap  Templates  tsclient  Videos
gftadmin@ubuntu:~$ docker run -it --rm ubuntu
root@dbccd8171bb2:/# apt-get install nginx
Reading package lists... Done
Building dependency tree       
Reading state information... Done
E: Unable to locate package nginx
root@dbccd8171bb2:/# apt-get update       
Get:1 http://archive.ubuntu.com/ubuntu focal InRelease [265 kB]
Get:2 http://security.ubuntu.com/ubuntu focal-security InRelease [114 kB]        
Get:3 http://archive.ubuntu.com/ubuntu focal-updates InRelease [114 kB]
Get:4 http://archive.ubuntu.com/ubuntu focal-backports InRelease [108 kB]
Get:5 http://archive.ubuntu.com/ubuntu focal/main amd64 Packages [1275 kB]
Get:6 http://archive.ubuntu.com/ubuntu focal/restricted amd64 Packages [33.4 kB]
Get:7 http://archive.ubuntu.com/ubuntu focal/universe amd64 Packages [11.3 MB]
Get:8 http://security.ubuntu.com/ubuntu focal-security/main amd64 Packages [1470 kB]
Get:9 http://archive.ubuntu.com/ubuntu focal/multiverse amd64 Packages [177 kB]
Get:10 http://archive.ubuntu.com/ubuntu focal-updates/main amd64 Packages [1895 kB]  
Get:11 http://archive.ubuntu.com/ubuntu focal-updates/restricted amd64 Packages [952 kB]   
Get:12 http://archive.ubuntu.com/ubuntu focal-updates/universe amd64 Packages [1120 kB]
Get:13 http://archive.ubuntu.com/ubuntu focal-updates/multiverse amd64 Packages [33.7 kB]  
Get:14 http://archive.ubuntu.com/ubuntu focal-backports/main amd64 Packages [50.8 kB]   
Get:15 http://archive.ubuntu.com/ubuntu focal-backports/universe amd64 Packages [22.4 kB]
Get:16 http://security.ubuntu.com/ubuntu focal-security/restricted amd64 Packages [889 kB]
Get:17 http://security.ubuntu.com/ubuntu focal-security/multiverse amd64 Packages [30.1 kB]
Get:18 http://security.ubuntu.com/ubuntu focal-security/universe amd64 Packages [839 kB]
Fetched 20.7 MB in 4s (5080 kB/s)                        
Reading package lists... Done
root@dbccd8171bb2:/# apt-get install git
Reading package lists... Done
Building dependency tree       
Reading state information... Done
The following additional packages will be installed:
  ca-certificates git-man krb5-locales less libasn1-8-heimdal libbrotli1 libbsd0 libcbor0.6 libcurl3-gnutls libedit2 liberror-perl libexpat1 libfido2-1 libgdbm-compat4 libgdbm6 libgssapi-krb5-2
  libgssapi3-heimdal libhcrypto4-heimdal libheimbase1-heimdal libheimntlm0-heimdal libhx509-5-heimdal libk5crypto3 libkeyutils1 libkrb5-26-heimdal libkrb5-3 libkrb5support0 libldap-2.4-2 libldap-common
  libnghttp2-14 libperl5.30 libpsl5 libroken18-heimdal librtmp1 libsasl2-2 libsasl2-modules libsasl2-modules-db libsqlite3-0 libssh-4 libssl1.1 libwind0-heimdal libx11-6 libx11-data libxau6 libxcb1
  libxdmcp6 libxext6 libxmuu1 netbase openssh-client openssl patch perl perl-modules-5.30 publicsuffix xauth
Suggested packages:
  gettext-base git-daemon-run | git-daemon-sysvinit git-doc git-el git-email git-gui gitk gitweb git-cvs git-mediawiki git-svn gdbm-l10n krb5-doc krb5-user libsasl2-modules-gssapi-mit
  | libsasl2-modules-gssapi-heimdal libsasl2-modules-ldap libsasl2-modules-otp libsasl2-modules-sql keychain libpam-ssh monkeysphere ssh-askpass ed diffutils-doc perl-doc libterm-readline-gnu-perl
  | libterm-readline-perl-perl make libb-debug-perl liblocale-codes-perl
The following NEW packages will be installed:
  ca-certificates git git-man krb5-locales less libasn1-8-heimdal libbrotli1 libbsd0 libcbor0.6 libcurl3-gnutls libedit2 liberror-perl libexpat1 libfido2-1 libgdbm-compat4 libgdbm6 libgssapi-krb5-2
  libgssapi3-heimdal libhcrypto4-heimdal libheimbase1-heimdal libheimntlm0-heimdal libhx509-5-heimdal libk5crypto3 libkeyutils1 libkrb5-26-heimdal libkrb5-3 libkrb5support0 libldap-2.4-2 libldap-common
  libnghttp2-14 libperl5.30 libpsl5 libroken18-heimdal librtmp1 libsasl2-2 libsasl2-modules libsasl2-modules-db libsqlite3-0 libssh-4 libssl1.1 libwind0-heimdal libx11-6 libx11-data libxau6 libxcb1
  libxdmcp6 libxext6 libxmuu1 netbase openssh-client openssl patch perl perl-modules-5.30 publicsuffix xauth
0 upgraded, 56 newly installed, 0 to remove and 2 not upgraded.
Need to get 19.7 MB of archives.
After this operation, 110 MB of additional disk space will be used.
Do you want to continue? [Y/n] Y
Get:1 http://archive.ubuntu.com/ubuntu focal-updates/main amd64 perl-modules-5.30 all 5.30.0-9ubuntu0.2 [2738 kB]
Get:2 http://archive.ubuntu.com/ubuntu focal/main amd64 libgdbm6 amd64 1.18.1-5 [27.4 kB]
Get:3 http://archive.ubuntu.com/ubuntu focal/main amd64 libgdbm-compat4 amd64 1.18.1-5 [6244 B]
Get:4 http://archive.ubuntu.com/ubuntu focal-updates/main amd64 libperl5.30 amd64 5.30.0-9ubuntu0.2 [3952 kB]
Get:5 http://archive.ubuntu.com/ubuntu focal-updates/main amd64 perl amd64 5.30.0-9ubuntu0.2 [224 kB]
Get:6 http://archive.ubuntu.com/ubuntu focal-updates/main amd64 libssl1.1 amd64 1.1.1f-1ubuntu2.10 [1322 kB]
Get:7 http://archive.ubuntu.com/ubuntu focal-updates/main amd64 openssl amd64 1.1.1f-1ubuntu2.10 [620 kB]
Get:8 http://archive.ubuntu.com/ubuntu focal-updates/main amd64 ca-certificates all 20210119~20.04.2 [145 kB]
Get:9 http://archive.ubuntu.com/ubuntu focal-updates/main amd64 less amd64 551-1ubuntu0.1 [123 kB]
Get:10 http://archive.ubuntu.com/ubuntu focal/main amd64 libbsd0 amd64 0.10.0-1 [45.4 kB]
Get:11 http://archive.ubuntu.com/ubuntu focal/main amd64 libexpat1 amd64 2.2.9-1build1 [73.3 kB]
Get:12 http://archive.ubuntu.com/ubuntu focal-updates/main amd64 libsqlite3-0 amd64 3.31.1-4ubuntu0.2 [549 kB]
Get:13 http://archive.ubuntu.com/ubuntu focal/main amd64 netbase all 6.1 [13.1 kB]
Get:14 http://archive.ubuntu.com/ubuntu focal-updates/main amd64 krb5-locales all 1.17-6ubuntu4.1 [11.4 kB]
Get:15 http://archive.ubuntu.com/ubuntu focal/main amd64 libcbor0.6 amd64 0.6.0-0ubuntu1 [21.1 kB]
Get:16 http://archive.ubuntu.com/ubuntu focal/main amd64 libedit2 amd64 3.1-20191231-1 [87.0 kB]
Get:17 http://archive.ubuntu.com/ubuntu focal/main amd64 libfido2-1 amd64 1.3.1-1ubuntu2 [47.9 kB]
Get:18 http://archive.ubuntu.com/ubuntu focal-updates/main amd64 libkrb5support0 amd64 1.17-6ubuntu4.1 [30.9 kB]
Get:19 http://archive.ubuntu.com/ubuntu focal-updates/main amd64 libk5crypto3 amd64 1.17-6ubuntu4.1 [79.9 kB]
Get:20 http://archive.ubuntu.com/ubuntu focal/main amd64 libkeyutils1 amd64 1.6-6ubuntu1 [10.2 kB]
Get:21 http://archive.ubuntu.com/ubuntu focal-updates/main amd64 libkrb5-3 amd64 1.17-6ubuntu4.1 [330 kB]
Get:22 http://archive.ubuntu.com/ubuntu focal-updates/main amd64 libgssapi-krb5-2 amd64 1.17-6ubuntu4.1 [121 kB]
Get:23 http://archive.ubuntu.com/ubuntu focal/main amd64 libpsl5 amd64 0.21.0-1ubuntu1 [51.5 kB]
Get:24 http://archive.ubuntu.com/ubuntu focal/main amd64 libxau6 amd64 1:1.0.9-0ubuntu1 [7488 B]
Get:25 http://archive.ubuntu.com/ubuntu focal/main amd64 libxdmcp6 amd64 1:1.1.3-0ubuntu1 [10.6 kB]
Get:26 http://archive.ubuntu.com/ubuntu focal/main amd64 libxcb1 amd64 1.14-2 [44.7 kB]
Get:27 http://archive.ubuntu.com/ubuntu focal-updates/main amd64 libx11-data all 2:1.6.9-2ubuntu1.2 [113 kB]
Get:28 http://archive.ubuntu.com/ubuntu focal-updates/main amd64 libx11-6 amd64 2:1.6.9-2ubuntu1.2 [575 kB]
Get:29 http://archive.ubuntu.com/ubuntu focal/main amd64 libxext6 amd64 2:1.3.4-0ubuntu1 [29.1 kB]
Get:30 http://archive.ubuntu.com/ubuntu focal/main amd64 libxmuu1 amd64 2:1.1.3-0ubuntu1 [9728 B]
Get:31 http://archive.ubuntu.com/ubuntu focal-updates/main amd64 openssh-client amd64 1:8.2p1-4ubuntu0.4 [671 kB]
Get:32 http://archive.ubuntu.com/ubuntu focal/main amd64 publicsuffix all 20200303.0012-1 [111 kB]
Get:33 http://archive.ubuntu.com/ubuntu focal/main amd64 xauth amd64 1:1.1-0ubuntu1 [25.0 kB]
Get:34 http://archive.ubuntu.com/ubuntu focal-updates/main amd64 libbrotli1 amd64 1.0.7-6ubuntu0.1 [267 kB]
Get:35 http://archive.ubuntu.com/ubuntu focal/main amd64 libroken18-heimdal amd64 7.7.0+dfsg-1ubuntu1 [41.8 kB]
Get:36 http://archive.ubuntu.com/ubuntu focal/main amd64 libasn1-8-heimdal amd64 7.7.0+dfsg-1ubuntu1 [181 kB]
Get:37 http://archive.ubuntu.com/ubuntu focal/main amd64 libheimbase1-heimdal amd64 7.7.0+dfsg-1ubuntu1 [29.7 kB]
Get:38 http://archive.ubuntu.com/ubuntu focal/main amd64 libhcrypto4-heimdal amd64 7.7.0+dfsg-1ubuntu1 [87.9 kB]
Get:39 http://archive.ubuntu.com/ubuntu focal/main amd64 libwind0-heimdal amd64 7.7.0+dfsg-1ubuntu1 [48.0 kB]
Get:40 http://archive.ubuntu.com/ubuntu focal/main amd64 libhx509-5-heimdal amd64 7.7.0+dfsg-1ubuntu1 [107 kB]
Get:41 http://archive.ubuntu.com/ubuntu focal/main amd64 libkrb5-26-heimdal amd64 7.7.0+dfsg-1ubuntu1 [208 kB]
Get:42 http://archive.ubuntu.com/ubuntu focal/main amd64 libheimntlm0-heimdal amd64 7.7.0+dfsg-1ubuntu1 [15.1 kB]
Get:43 http://archive.ubuntu.com/ubuntu focal/main amd64 libgssapi3-heimdal amd64 7.7.0+dfsg-1ubuntu1 [96.1 kB]
Get:44 http://archive.ubuntu.com/ubuntu focal/main amd64 libsasl2-modules-db amd64 2.1.27+dfsg-2 [14.9 kB]
Get:45 http://archive.ubuntu.com/ubuntu focal/main amd64 libsasl2-2 amd64 2.1.27+dfsg-2 [49.3 kB]
Get:46 http://archive.ubuntu.com/ubuntu focal-updates/main amd64 libldap-common all 2.4.49+dfsg-2ubuntu1.8 [16.6 kB]
Get:47 http://archive.ubuntu.com/ubuntu focal-updates/main amd64 libldap-2.4-2 amd64 2.4.49+dfsg-2ubuntu1.8 [155 kB]
Get:48 http://archive.ubuntu.com/ubuntu focal/main amd64 libnghttp2-14 amd64 1.40.0-1build1 [78.7 kB]
Get:49 http://archive.ubuntu.com/ubuntu focal/main amd64 librtmp1 amd64 2.4+20151223.gitfa8646d.1-2build1 [54.9 kB]
Get:50 http://archive.ubuntu.com/ubuntu focal-updates/main amd64 libssh-4 amd64 0.9.3-2ubuntu2.2 [170 kB]
Get:51 http://archive.ubuntu.com/ubuntu focal-updates/main amd64 libcurl3-gnutls amd64 7.68.0-1ubuntu2.7 [232 kB]
Get:52 http://archive.ubuntu.com/ubuntu focal/main amd64 liberror-perl all 0.17029-1 [26.5 kB]
Get:53 http://archive.ubuntu.com/ubuntu focal-updates/main amd64 git-man all 1:2.25.1-1ubuntu3.2 [884 kB]
Get:54 http://archive.ubuntu.com/ubuntu focal-updates/main amd64 git amd64 1:2.25.1-1ubuntu3.2 [4554 kB]
Get:55 http://archive.ubuntu.com/ubuntu focal/main amd64 libsasl2-modules amd64 2.1.27+dfsg-2 [49.1 kB]
Get:56 http://archive.ubuntu.com/ubuntu focal/main amd64 patch amd64 2.7.6-6 [105 kB]
Fetched 19.7 MB in 2s (9691 kB/s)
debconf: delaying package configuration, since apt-utils is not installed
Selecting previously unselected package perl-modules-5.30.
(Reading database ... 4127 files and directories currently installed.)
Preparing to unpack .../00-perl-modules-5.30_5.30.0-9ubuntu0.2_all.deb ...
Unpacking perl-modules-5.30 (5.30.0-9ubuntu0.2) ...
Selecting previously unselected package libgdbm6:amd64.
Preparing to unpack .../01-libgdbm6_1.18.1-5_amd64.deb ...
Unpacking libgdbm6:amd64 (1.18.1-5) ...
Selecting previously unselected package libgdbm-compat4:amd64.
Preparing to unpack .../02-libgdbm-compat4_1.18.1-5_amd64.deb ...
Unpacking libgdbm-compat4:amd64 (1.18.1-5) ...
Selecting previously unselected package libperl5.30:amd64.
Preparing to unpack .../03-libperl5.30_5.30.0-9ubuntu0.2_amd64.deb ...
Unpacking libperl5.30:amd64 (5.30.0-9ubuntu0.2) ...
Selecting previously unselected package perl.
Preparing to unpack .../04-perl_5.30.0-9ubuntu0.2_amd64.deb ...
Unpacking perl (5.30.0-9ubuntu0.2) ...
Selecting previously unselected package libssl1.1:amd64.
Preparing to unpack .../05-libssl1.1_1.1.1f-1ubuntu2.10_amd64.deb ...
Unpacking libssl1.1:amd64 (1.1.1f-1ubuntu2.10) ...
Selecting previously unselected package openssl.
Preparing to unpack .../06-openssl_1.1.1f-1ubuntu2.10_amd64.deb ...
Unpacking openssl (1.1.1f-1ubuntu2.10) ...
Selecting previously unselected package ca-certificates.
Preparing to unpack .../07-ca-certificates_20210119~20.04.2_all.deb ...
Unpacking ca-certificates (20210119~20.04.2) ...
Selecting previously unselected package less.
Preparing to unpack .../08-less_551-1ubuntu0.1_amd64.deb ...
Unpacking less (551-1ubuntu0.1) ...
Selecting previously unselected package libbsd0:amd64.
Preparing to unpack .../09-libbsd0_0.10.0-1_amd64.deb ...
Unpacking libbsd0:amd64 (0.10.0-1) ...
Selecting previously unselected package libexpat1:amd64.
Preparing to unpack .../10-libexpat1_2.2.9-1build1_amd64.deb ...
Unpacking libexpat1:amd64 (2.2.9-1build1) ...
Selecting previously unselected package libsqlite3-0:amd64.
Preparing to unpack .../11-libsqlite3-0_3.31.1-4ubuntu0.2_amd64.deb ...
Unpacking libsqlite3-0:amd64 (3.31.1-4ubuntu0.2) ...
Selecting previously unselected package netbase.
Preparing to unpack .../12-netbase_6.1_all.deb ...
Unpacking netbase (6.1) ...
Selecting previously unselected package krb5-locales.
Preparing to unpack .../13-krb5-locales_1.17-6ubuntu4.1_all.deb ...
Unpacking krb5-locales (1.17-6ubuntu4.1) ...
Selecting previously unselected package libcbor0.6:amd64.
Preparing to unpack .../14-libcbor0.6_0.6.0-0ubuntu1_amd64.deb ...
Unpacking libcbor0.6:amd64 (0.6.0-0ubuntu1) ...
Selecting previously unselected package libedit2:amd64.
Preparing to unpack .../15-libedit2_3.1-20191231-1_amd64.deb ...
Unpacking libedit2:amd64 (3.1-20191231-1) ...
Selecting previously unselected package libfido2-1:amd64.
Preparing to unpack .../16-libfido2-1_1.3.1-1ubuntu2_amd64.deb ...
Unpacking libfido2-1:amd64 (1.3.1-1ubuntu2) ...
Selecting previously unselected package libkrb5support0:amd64.
Preparing to unpack .../17-libkrb5support0_1.17-6ubuntu4.1_amd64.deb ...
Unpacking libkrb5support0:amd64 (1.17-6ubuntu4.1) ...
Selecting previously unselected package libk5crypto3:amd64.
Preparing to unpack .../18-libk5crypto3_1.17-6ubuntu4.1_amd64.deb ...
Unpacking libk5crypto3:amd64 (1.17-6ubuntu4.1) ...
Selecting previously unselected package libkeyutils1:amd64.
Preparing to unpack .../19-libkeyutils1_1.6-6ubuntu1_amd64.deb ...
Unpacking libkeyutils1:amd64 (1.6-6ubuntu1) ...
Selecting previously unselected package libkrb5-3:amd64.
Preparing to unpack .../20-libkrb5-3_1.17-6ubuntu4.1_amd64.deb ...
Unpacking libkrb5-3:amd64 (1.17-6ubuntu4.1) ...
Selecting previously unselected package libgssapi-krb5-2:amd64.
Preparing to unpack .../21-libgssapi-krb5-2_1.17-6ubuntu4.1_amd64.deb ...
Unpacking libgssapi-krb5-2:amd64 (1.17-6ubuntu4.1) ...
Selecting previously unselected package libpsl5:amd64.
Preparing to unpack .../22-libpsl5_0.21.0-1ubuntu1_amd64.deb ...
Unpacking libpsl5:amd64 (0.21.0-1ubuntu1) ...
Selecting previously unselected package libxau6:amd64.
Preparing to unpack .../23-libxau6_1%3a1.0.9-0ubuntu1_amd64.deb ...
Unpacking libxau6:amd64 (1:1.0.9-0ubuntu1) ...
Selecting previously unselected package libxdmcp6:amd64.
Preparing to unpack .../24-libxdmcp6_1%3a1.1.3-0ubuntu1_amd64.deb ...
Unpacking libxdmcp6:amd64 (1:1.1.3-0ubuntu1) ...
Selecting previously unselected package libxcb1:amd64.
Preparing to unpack .../25-libxcb1_1.14-2_amd64.deb ...
Unpacking libxcb1:amd64 (1.14-2) ...
Selecting previously unselected package libx11-data.
Preparing to unpack .../26-libx11-data_2%3a1.6.9-2ubuntu1.2_all.deb ...
Unpacking libx11-data (2:1.6.9-2ubuntu1.2) ...
Selecting previously unselected package libx11-6:amd64.
Preparing to unpack .../27-libx11-6_2%3a1.6.9-2ubuntu1.2_amd64.deb ...
Unpacking libx11-6:amd64 (2:1.6.9-2ubuntu1.2) ...
Selecting previously unselected package libxext6:amd64.
Preparing to unpack .../28-libxext6_2%3a1.3.4-0ubuntu1_amd64.deb ...
Unpacking libxext6:amd64 (2:1.3.4-0ubuntu1) ...
Selecting previously unselected package libxmuu1:amd64.
Preparing to unpack .../29-libxmuu1_2%3a1.1.3-0ubuntu1_amd64.deb ...
Unpacking libxmuu1:amd64 (2:1.1.3-0ubuntu1) ...
Selecting previously unselected package openssh-client.
Preparing to unpack .../30-openssh-client_1%3a8.2p1-4ubuntu0.4_amd64.deb ...
Unpacking openssh-client (1:8.2p1-4ubuntu0.4) ...
Selecting previously unselected package publicsuffix.
Preparing to unpack .../31-publicsuffix_20200303.0012-1_all.deb ...
Unpacking publicsuffix (20200303.0012-1) ...
Selecting previously unselected package xauth.
Preparing to unpack .../32-xauth_1%3a1.1-0ubuntu1_amd64.deb ...
Unpacking xauth (1:1.1-0ubuntu1) ...
Selecting previously unselected package libbrotli1:amd64.
Preparing to unpack .../33-libbrotli1_1.0.7-6ubuntu0.1_amd64.deb ...
Unpacking libbrotli1:amd64 (1.0.7-6ubuntu0.1) ...
Selecting previously unselected package libroken18-heimdal:amd64.
Preparing to unpack .../34-libroken18-heimdal_7.7.0+dfsg-1ubuntu1_amd64.deb ...
Unpacking libroken18-heimdal:amd64 (7.7.0+dfsg-1ubuntu1) ...
Selecting previously unselected package libasn1-8-heimdal:amd64.
Preparing to unpack .../35-libasn1-8-heimdal_7.7.0+dfsg-1ubuntu1_amd64.deb ...
Unpacking libasn1-8-heimdal:amd64 (7.7.0+dfsg-1ubuntu1) ...
Selecting previously unselected package libheimbase1-heimdal:amd64.
Preparing to unpack .../36-libheimbase1-heimdal_7.7.0+dfsg-1ubuntu1_amd64.deb ...
Unpacking libheimbase1-heimdal:amd64 (7.7.0+dfsg-1ubuntu1) ...
Selecting previously unselected package libhcrypto4-heimdal:amd64.
Preparing to unpack .../37-libhcrypto4-heimdal_7.7.0+dfsg-1ubuntu1_amd64.deb ...
Unpacking libhcrypto4-heimdal:amd64 (7.7.0+dfsg-1ubuntu1) ...
Selecting previously unselected package libwind0-heimdal:amd64.
Preparing to unpack .../38-libwind0-heimdal_7.7.0+dfsg-1ubuntu1_amd64.deb ...
Unpacking libwind0-heimdal:amd64 (7.7.0+dfsg-1ubuntu1) ...
Selecting previously unselected package libhx509-5-heimdal:amd64.
Preparing to unpack .../39-libhx509-5-heimdal_7.7.0+dfsg-1ubuntu1_amd64.deb ...
Unpacking libhx509-5-heimdal:amd64 (7.7.0+dfsg-1ubuntu1) ...
Selecting previously unselected package libkrb5-26-heimdal:amd64.
Preparing to unpack .../40-libkrb5-26-heimdal_7.7.0+dfsg-1ubuntu1_amd64.deb ...
Unpacking libkrb5-26-heimdal:amd64 (7.7.0+dfsg-1ubuntu1) ...
Selecting previously unselected package libheimntlm0-heimdal:amd64.
Preparing to unpack .../41-libheimntlm0-heimdal_7.7.0+dfsg-1ubuntu1_amd64.deb ...
Unpacking libheimntlm0-heimdal:amd64 (7.7.0+dfsg-1ubuntu1) ...
Selecting previously unselected package libgssapi3-heimdal:amd64.
Preparing to unpack .../42-libgssapi3-heimdal_7.7.0+dfsg-1ubuntu1_amd64.deb ...
Unpacking libgssapi3-heimdal:amd64 (7.7.0+dfsg-1ubuntu1) ...
Selecting previously unselected package libsasl2-modules-db:amd64.
Preparing to unpack .../43-libsasl2-modules-db_2.1.27+dfsg-2_amd64.deb ...
Unpacking libsasl2-modules-db:amd64 (2.1.27+dfsg-2) ...
Selecting previously unselected package libsasl2-2:amd64.
Preparing to unpack .../44-libsasl2-2_2.1.27+dfsg-2_amd64.deb ...
Unpacking libsasl2-2:amd64 (2.1.27+dfsg-2) ...
Selecting previously unselected package libldap-common.
Preparing to unpack .../45-libldap-common_2.4.49+dfsg-2ubuntu1.8_all.deb ...
Unpacking libldap-common (2.4.49+dfsg-2ubuntu1.8) ...
Selecting previously unselected package libldap-2.4-2:amd64.
Preparing to unpack .../46-libldap-2.4-2_2.4.49+dfsg-2ubuntu1.8_amd64.deb ...
Unpacking libldap-2.4-2:amd64 (2.4.49+dfsg-2ubuntu1.8) ...
Selecting previously unselected package libnghttp2-14:amd64.
Preparing to unpack .../47-libnghttp2-14_1.40.0-1build1_amd64.deb ...
Unpacking libnghttp2-14:amd64 (1.40.0-1build1) ...
Selecting previously unselected package librtmp1:amd64.
Preparing to unpack .../48-librtmp1_2.4+20151223.gitfa8646d.1-2build1_amd64.deb ...
Unpacking librtmp1:amd64 (2.4+20151223.gitfa8646d.1-2build1) ...
Selecting previously unselected package libssh-4:amd64.
Preparing to unpack .../49-libssh-4_0.9.3-2ubuntu2.2_amd64.deb ...
Unpacking libssh-4:amd64 (0.9.3-2ubuntu2.2) ...
Selecting previously unselected package libcurl3-gnutls:amd64.
Preparing to unpack .../50-libcurl3-gnutls_7.68.0-1ubuntu2.7_amd64.deb ...
Unpacking libcurl3-gnutls:amd64 (7.68.0-1ubuntu2.7) ...
Selecting previously unselected package liberror-perl.
Preparing to unpack .../51-liberror-perl_0.17029-1_all.deb ...
Unpacking liberror-perl (0.17029-1) ...
Selecting previously unselected package git-man.
Preparing to unpack .../52-git-man_1%3a2.25.1-1ubuntu3.2_all.deb ...
Unpacking git-man (1:2.25.1-1ubuntu3.2) ...
Selecting previously unselected package git.
Preparing to unpack .../53-git_1%3a2.25.1-1ubuntu3.2_amd64.deb ...
Unpacking git (1:2.25.1-1ubuntu3.2) ...
Selecting previously unselected package libsasl2-modules:amd64.
Preparing to unpack .../54-libsasl2-modules_2.1.27+dfsg-2_amd64.deb ...
Unpacking libsasl2-modules:amd64 (2.1.27+dfsg-2) ...
Selecting previously unselected package patch.
Preparing to unpack .../55-patch_2.7.6-6_amd64.deb ...
Unpacking patch (2.7.6-6) ...
Setting up libexpat1:amd64 (2.2.9-1build1) ...
Setting up libxau6:amd64 (1:1.0.9-0ubuntu1) ...
Setting up libkeyutils1:amd64 (1.6-6ubuntu1) ...
Setting up libpsl5:amd64 (0.21.0-1ubuntu1) ...
Setting up perl-modules-5.30 (5.30.0-9ubuntu0.2) ...
Setting up libssl1.1:amd64 (1.1.1f-1ubuntu2.10) ...
debconf: unable to initialize frontend: Dialog
debconf: (No usable dialog-like program is installed, so the dialog based frontend cannot be used. at /usr/share/perl5/Debconf/FrontEnd/Dialog.pm line 76.)
debconf: falling back to frontend: Readline
Setting up libbrotli1:amd64 (1.0.7-6ubuntu0.1) ...
Setting up libsqlite3-0:amd64 (3.31.1-4ubuntu0.2) ...
Setting up libsasl2-modules:amd64 (2.1.27+dfsg-2) ...
Setting up libnghttp2-14:amd64 (1.40.0-1build1) ...
Setting up less (551-1ubuntu0.1) ...
Setting up krb5-locales (1.17-6ubuntu4.1) ...
Setting up libcbor0.6:amd64 (0.6.0-0ubuntu1) ...
Setting up libldap-common (2.4.49+dfsg-2ubuntu1.8) ...
Setting up libkrb5support0:amd64 (1.17-6ubuntu4.1) ...
Setting up libsasl2-modules-db:amd64 (2.1.27+dfsg-2) ...
Setting up libx11-data (2:1.6.9-2ubuntu1.2) ...
Setting up librtmp1:amd64 (2.4+20151223.gitfa8646d.1-2build1) ...
Setting up patch (2.7.6-6) ...
Setting up libk5crypto3:amd64 (1.17-6ubuntu4.1) ...
Setting up libsasl2-2:amd64 (2.1.27+dfsg-2) ...
Setting up libroken18-heimdal:amd64 (7.7.0+dfsg-1ubuntu1) ...
Setting up git-man (1:2.25.1-1ubuntu3.2) ...
Setting up netbase (6.1) ...
Setting up libkrb5-3:amd64 (1.17-6ubuntu4.1) ...
Setting up libfido2-1:amd64 (1.3.1-1ubuntu2) ...
Setting up openssl (1.1.1f-1ubuntu2.10) ...
Setting up libbsd0:amd64 (0.10.0-1) ...
Setting up publicsuffix (20200303.0012-1) ...
Setting up libheimbase1-heimdal:amd64 (7.7.0+dfsg-1ubuntu1) ...
Setting up libgdbm6:amd64 (1.18.1-5) ...
Setting up libxdmcp6:amd64 (1:1.1.3-0ubuntu1) ...
Setting up libxcb1:amd64 (1.14-2) ...
Setting up libasn1-8-heimdal:amd64 (7.7.0+dfsg-1ubuntu1) ...
Setting up libedit2:amd64 (3.1-20191231-1) ...
Setting up libhcrypto4-heimdal:amd64 (7.7.0+dfsg-1ubuntu1) ...
Setting up ca-certificates (20210119~20.04.2) ...
debconf: unable to initialize frontend: Dialog
debconf: (No usable dialog-like program is installed, so the dialog based frontend cannot be used. at /usr/share/perl5/Debconf/FrontEnd/Dialog.pm line 76.)
debconf: falling back to frontend: Readline
Updating certificates in /etc/ssl/certs...
128 added, 0 removed; done.
Setting up libwind0-heimdal:amd64 (7.7.0+dfsg-1ubuntu1) ...
Setting up libgssapi-krb5-2:amd64 (1.17-6ubuntu4.1) ...
Setting up libgdbm-compat4:amd64 (1.18.1-5) ...
Setting up libssh-4:amd64 (0.9.3-2ubuntu2.2) ...
Setting up libperl5.30:amd64 (5.30.0-9ubuntu0.2) ...
Setting up libx11-6:amd64 (2:1.6.9-2ubuntu1.2) ...
Setting up libxmuu1:amd64 (2:1.1.3-0ubuntu1) ...
Setting up openssh-client (1:8.2p1-4ubuntu0.4) ...
Setting up libhx509-5-heimdal:amd64 (7.7.0+dfsg-1ubuntu1) ...
Setting up libxext6:amd64 (2:1.3.4-0ubuntu1) ...
Setting up perl (5.30.0-9ubuntu0.2) ...
Setting up xauth (1:1.1-0ubuntu1) ...
Setting up libkrb5-26-heimdal:amd64 (7.7.0+dfsg-1ubuntu1) ...
Setting up libheimntlm0-heimdal:amd64 (7.7.0+dfsg-1ubuntu1) ...
Setting up liberror-perl (0.17029-1) ...
Setting up libgssapi3-heimdal:amd64 (7.7.0+dfsg-1ubuntu1) ...
Setting up libldap-2.4-2:amd64 (2.4.49+dfsg-2ubuntu1.8) ...
Setting up libcurl3-gnutls:amd64 (7.68.0-1ubuntu2.7) ...
Setting up git (1:2.25.1-1ubuntu3.2) ...
Processing triggers for libc-bin (2.31-0ubuntu9.2) ...
Processing triggers for ca-certificates (20210119~20.04.2) ...
Updating certificates in /etc/ssl/certs...
0 added, 0 removed; done.
Running hooks in /etc/ca-certificates/update.d...
done.
root@dbccd8171bb2:/# git
usage: git [--version] [--help] [-C <path>] [-c <name>=<value>]
           [--exec-path[=<path>]] [--html-path] [--man-path] [--info-path]
           [-p | --paginate | -P | --no-pager] [--no-replace-objects] [--bare]
           [--git-dir=<path>] [--work-tree=<path>] [--namespace=<name>]
           <command> [<args>]

These are common Git commands used in various situations:

start a working area (see also: git help tutorial)
   clone             Clone a repository into a new directory
   init              Create an empty Git repository or reinitialize an existing one

work on the current change (see also: git help everyday)
   add               Add file contents to the index
   mv                Move or rename a file, a directory, or a symlink
   restore           Restore working tree files
   rm                Remove files from the working tree and from the index
   sparse-checkout   Initialize and modify the sparse-checkout

examine the history and state (see also: git help revisions)
   bisect            Use binary search to find the commit that introduced a bug
   diff              Show changes between commits, commit and working tree, etc
   grep              Print lines matching a pattern
   log               Show commit logs
   show              Show various types of objects
   status            Show the working tree status

grow, mark and tweak your common history
   branch            List, create, or delete branches
   commit            Record changes to the repository
   merge             Join two or more development histories together
   rebase            Reapply commits on top of another base tip
   reset             Reset current HEAD to the specified state
   switch            Switch branches
   tag               Create, list, delete or verify a tag object signed with GPG

collaborate (see also: git help workflows)
   fetch             Download objects and refs from another repository
   pull              Fetch from and integrate with another repository or a local branch
   push              Update remote refs along with associated objects

'git help -a' and 'git help -g' list available subcommands and some
concept guides. See 'git help <command>' or 'git help <concept>'
to read about a specific subcommand or concept.
See 'git help git' for an overview of the system.
root@dbccd8171bb2:/# git --version
git version 2.25.1
root@dbccd8171bb2:/# apt-get update
Get:1 http://security.ubuntu.com/ubuntu focal-security InRelease [114 kB]
Hit:2 http://archive.ubuntu.com/ubuntu focal InRelease 
Hit:3 http://archive.ubuntu.com/ubuntu focal-updates InRelease
Hit:4 http://archive.ubuntu.com/ubuntu focal-backports InRelease
Fetched 114 kB in 1s (137 kB/s)                          
Reading package lists... Done
root@dbccd8171bb2:/# apt-get install nginx
Reading package lists... Done
Building dependency tree       
Reading state information... Done
The following additional packages will be installed:
  fontconfig-config fonts-dejavu-core iproute2 libatm1 libcap2 libcap2-bin libelf1 libfontconfig1 libfreetype6 libgd3 libicu66 libjbig0 libjpeg-turbo8 libjpeg8 libmnl0 libnginx-mod-http-image-filter
  libnginx-mod-http-xslt-filter libnginx-mod-mail libnginx-mod-stream libpam-cap libpng16-16 libtiff5 libwebp6 libxml2 libxpm4 libxslt1.1 libxtables12 nginx-common nginx-core tzdata ucf
Suggested packages:
  iproute2-doc libgd-tools fcgiwrap nginx-doc ssl-cert
The following NEW packages will be installed:
  fontconfig-config fonts-dejavu-core iproute2 libatm1 libcap2 libcap2-bin libelf1 libfontconfig1 libfreetype6 libgd3 libicu66 libjbig0 libjpeg-turbo8 libjpeg8 libmnl0 libnginx-mod-http-image-filter
  libnginx-mod-http-xslt-filter libnginx-mod-mail libnginx-mod-stream libpam-cap libpng16-16 libtiff5 libwebp6 libxml2 libxpm4 libxslt1.1 libxtables12 nginx nginx-common nginx-core tzdata ucf
0 upgraded, 32 newly installed, 0 to remove and 2 not upgraded.
Need to get 13.6 MB of archives.
After this operation, 52.8 MB of additional disk space will be used.
Do you want to continue? [Y/n] Y
Get:1 http://archive.ubuntu.com/ubuntu focal/main amd64 libcap2 amd64 1:2.32-1 [15.9 kB]
Get:2 http://archive.ubuntu.com/ubuntu focal/main amd64 libelf1 amd64 0.176-1.1build1 [44.0 kB]
Get:3 http://archive.ubuntu.com/ubuntu focal/main amd64 libmnl0 amd64 1.0.4-2 [12.3 kB]
Get:4 http://archive.ubuntu.com/ubuntu focal/main amd64 libxtables12 amd64 1.8.4-3ubuntu2 [28.4 kB]
Get:5 http://archive.ubuntu.com/ubuntu focal/main amd64 libcap2-bin amd64 1:2.32-1 [26.2 kB]
Get:6 http://archive.ubuntu.com/ubuntu focal/main amd64 iproute2 amd64 5.5.0-1ubuntu1 [858 kB]
Get:7 http://archive.ubuntu.com/ubuntu focal/main amd64 libatm1 amd64 1:2.5.1-4 [21.8 kB]
Get:8 http://archive.ubuntu.com/ubuntu focal-updates/main amd64 tzdata all 2021e-0ubuntu0.20.04 [295 kB]
Get:9 http://archive.ubuntu.com/ubuntu focal-updates/main amd64 libicu66 amd64 66.1-2ubuntu2.1 [8515 kB]
Get:10 http://archive.ubuntu.com/ubuntu focal/main amd64 libpam-cap amd64 1:2.32-1 [8352 B]
Get:11 http://archive.ubuntu.com/ubuntu focal-updates/main amd64 libxml2 amd64 2.9.10+dfsg-5ubuntu0.20.04.1 [640 kB]
Get:12 http://archive.ubuntu.com/ubuntu focal/main amd64 ucf all 3.0038+nmu1 [51.6 kB]
Get:13 http://archive.ubuntu.com/ubuntu focal/main amd64 libpng16-16 amd64 1.6.37-2 [179 kB]
Get:14 http://archive.ubuntu.com/ubuntu focal/main amd64 fonts-dejavu-core all 2.37-1 [1041 kB]
Get:15 http://archive.ubuntu.com/ubuntu focal/main amd64 fontconfig-config all 2.13.1-2ubuntu3 [28.8 kB]
Get:16 http://archive.ubuntu.com/ubuntu focal-updates/main amd64 libfreetype6 amd64 2.10.1-2ubuntu0.1 [341 kB]
Get:17 http://archive.ubuntu.com/ubuntu focal/main amd64 libfontconfig1 amd64 2.13.1-2ubuntu3 [114 kB]
Get:18 http://archive.ubuntu.com/ubuntu focal-updates/main amd64 libjpeg-turbo8 amd64 2.0.3-0ubuntu1.20.04.1 [117 kB]
Get:19 http://archive.ubuntu.com/ubuntu focal/main amd64 libjpeg8 amd64 8c-2ubuntu8 [2194 B]
Get:20 http://archive.ubuntu.com/ubuntu focal/main amd64 libjbig0 amd64 2.1-3.1build1 [26.7 kB]
Get:21 http://archive.ubuntu.com/ubuntu focal-updates/main amd64 libwebp6 amd64 0.6.1-2ubuntu0.20.04.1 [185 kB]
Get:22 http://archive.ubuntu.com/ubuntu focal-updates/main amd64 libtiff5 amd64 4.1.0+git191117-2ubuntu0.20.04.2 [162 kB]
Get:23 http://archive.ubuntu.com/ubuntu focal/main amd64 libxpm4 amd64 1:3.5.12-1 [34.0 kB]
Get:24 http://archive.ubuntu.com/ubuntu focal-updates/main amd64 libgd3 amd64 2.2.5-5.2ubuntu2.1 [118 kB]
Get:25 http://archive.ubuntu.com/ubuntu focal-updates/main amd64 nginx-common all 1.18.0-0ubuntu1.2 [37.5 kB]
Get:26 http://archive.ubuntu.com/ubuntu focal-updates/main amd64 libnginx-mod-http-image-filter amd64 1.18.0-0ubuntu1.2 [14.4 kB]
Get:27 http://archive.ubuntu.com/ubuntu focal/main amd64 libxslt1.1 amd64 1.1.34-4 [152 kB]
Get:28 http://archive.ubuntu.com/ubuntu focal-updates/main amd64 libnginx-mod-http-xslt-filter amd64 1.18.0-0ubuntu1.2 [12.7 kB]
Get:29 http://archive.ubuntu.com/ubuntu focal-updates/main amd64 libnginx-mod-mail amd64 1.18.0-0ubuntu1.2 [42.5 kB]
Get:30 http://archive.ubuntu.com/ubuntu focal-updates/main amd64 libnginx-mod-stream amd64 1.18.0-0ubuntu1.2 [67.3 kB]
Get:31 http://archive.ubuntu.com/ubuntu focal-updates/main amd64 nginx-core amd64 1.18.0-0ubuntu1.2 [425 kB]
Get:32 http://archive.ubuntu.com/ubuntu focal-updates/main amd64 nginx all 1.18.0-0ubuntu1.2 [3620 B]
Fetched 13.6 MB in 2s (6791 kB/s)
debconf: delaying package configuration, since apt-utils is not installed
Selecting previously unselected package libcap2:amd64.
(Reading database ... 7948 files and directories currently installed.)
Preparing to unpack .../00-libcap2_1%3a2.32-1_amd64.deb ...
Unpacking libcap2:amd64 (1:2.32-1) ...
Selecting previously unselected package libelf1:amd64.
Preparing to unpack .../01-libelf1_0.176-1.1build1_amd64.deb ...
Unpacking libelf1:amd64 (0.176-1.1build1) ...
Selecting previously unselected package libmnl0:amd64.
Preparing to unpack .../02-libmnl0_1.0.4-2_amd64.deb ...
Unpacking libmnl0:amd64 (1.0.4-2) ...
Selecting previously unselected package libxtables12:amd64.
Preparing to unpack .../03-libxtables12_1.8.4-3ubuntu2_amd64.deb ...
Unpacking libxtables12:amd64 (1.8.4-3ubuntu2) ...
Selecting previously unselected package libcap2-bin.
Preparing to unpack .../04-libcap2-bin_1%3a2.32-1_amd64.deb ...
Unpacking libcap2-bin (1:2.32-1) ...
Selecting previously unselected package iproute2.
Preparing to unpack .../05-iproute2_5.5.0-1ubuntu1_amd64.deb ...
Unpacking iproute2 (5.5.0-1ubuntu1) ...
Selecting previously unselected package libatm1:amd64.
Preparing to unpack .../06-libatm1_1%3a2.5.1-4_amd64.deb ...
Unpacking libatm1:amd64 (1:2.5.1-4) ...
Selecting previously unselected package tzdata.
Preparing to unpack .../07-tzdata_2021e-0ubuntu0.20.04_all.deb ...
Unpacking tzdata (2021e-0ubuntu0.20.04) ...
Selecting previously unselected package libicu66:amd64.
Preparing to unpack .../08-libicu66_66.1-2ubuntu2.1_amd64.deb ...
Unpacking libicu66:amd64 (66.1-2ubuntu2.1) ...
Selecting previously unselected package libpam-cap:amd64.
Preparing to unpack .../09-libpam-cap_1%3a2.32-1_amd64.deb ...
Unpacking libpam-cap:amd64 (1:2.32-1) ...
Selecting previously unselected package libxml2:amd64.
Preparing to unpack .../10-libxml2_2.9.10+dfsg-5ubuntu0.20.04.1_amd64.deb ...
Unpacking libxml2:amd64 (2.9.10+dfsg-5ubuntu0.20.04.1) ...
Selecting previously unselected package ucf.
Preparing to unpack .../11-ucf_3.0038+nmu1_all.deb ...
Moving old data out of the way
Unpacking ucf (3.0038+nmu1) ...
Selecting previously unselected package libpng16-16:amd64.
Preparing to unpack .../12-libpng16-16_1.6.37-2_amd64.deb ...
Unpacking libpng16-16:amd64 (1.6.37-2) ...
Selecting previously unselected package fonts-dejavu-core.
Preparing to unpack .../13-fonts-dejavu-core_2.37-1_all.deb ...
Unpacking fonts-dejavu-core (2.37-1) ...
Selecting previously unselected package fontconfig-config.
Preparing to unpack .../14-fontconfig-config_2.13.1-2ubuntu3_all.deb ...
Unpacking fontconfig-config (2.13.1-2ubuntu3) ...
Selecting previously unselected package libfreetype6:amd64.
Preparing to unpack .../15-libfreetype6_2.10.1-2ubuntu0.1_amd64.deb ...
Unpacking libfreetype6:amd64 (2.10.1-2ubuntu0.1) ...
Selecting previously unselected package libfontconfig1:amd64.
Preparing to unpack .../16-libfontconfig1_2.13.1-2ubuntu3_amd64.deb ...
Unpacking libfontconfig1:amd64 (2.13.1-2ubuntu3) ...
Selecting previously unselected package libjpeg-turbo8:amd64.
Preparing to unpack .../17-libjpeg-turbo8_2.0.3-0ubuntu1.20.04.1_amd64.deb ...
Unpacking libjpeg-turbo8:amd64 (2.0.3-0ubuntu1.20.04.1) ...
Selecting previously unselected package libjpeg8:amd64.
Preparing to unpack .../18-libjpeg8_8c-2ubuntu8_amd64.deb ...
Unpacking libjpeg8:amd64 (8c-2ubuntu8) ...
Selecting previously unselected package libjbig0:amd64.
Preparing to unpack .../19-libjbig0_2.1-3.1build1_amd64.deb ...
Unpacking libjbig0:amd64 (2.1-3.1build1) ...
Selecting previously unselected package libwebp6:amd64.
Preparing to unpack .../20-libwebp6_0.6.1-2ubuntu0.20.04.1_amd64.deb ...
Unpacking libwebp6:amd64 (0.6.1-2ubuntu0.20.04.1) ...
Selecting previously unselected package libtiff5:amd64.
Preparing to unpack .../21-libtiff5_4.1.0+git191117-2ubuntu0.20.04.2_amd64.deb ...
Unpacking libtiff5:amd64 (4.1.0+git191117-2ubuntu0.20.04.2) ...
Selecting previously unselected package libxpm4:amd64.
Preparing to unpack .../22-libxpm4_1%3a3.5.12-1_amd64.deb ...
Unpacking libxpm4:amd64 (1:3.5.12-1) ...
Selecting previously unselected package libgd3:amd64.
Preparing to unpack .../23-libgd3_2.2.5-5.2ubuntu2.1_amd64.deb ...
Unpacking libgd3:amd64 (2.2.5-5.2ubuntu2.1) ...
Selecting previously unselected package nginx-common.
Preparing to unpack .../24-nginx-common_1.18.0-0ubuntu1.2_all.deb ...
Unpacking nginx-common (1.18.0-0ubuntu1.2) ...
Selecting previously unselected package libnginx-mod-http-image-filter.
Preparing to unpack .../25-libnginx-mod-http-image-filter_1.18.0-0ubuntu1.2_amd64.deb ...
Unpacking libnginx-mod-http-image-filter (1.18.0-0ubuntu1.2) ...
Selecting previously unselected package libxslt1.1:amd64.
Preparing to unpack .../26-libxslt1.1_1.1.34-4_amd64.deb ...
Unpacking libxslt1.1:amd64 (1.1.34-4) ...
Selecting previously unselected package libnginx-mod-http-xslt-filter.
Preparing to unpack .../27-libnginx-mod-http-xslt-filter_1.18.0-0ubuntu1.2_amd64.deb ...
Unpacking libnginx-mod-http-xslt-filter (1.18.0-0ubuntu1.2) ...
Selecting previously unselected package libnginx-mod-mail.
Preparing to unpack .../28-libnginx-mod-mail_1.18.0-0ubuntu1.2_amd64.deb ...
Unpacking libnginx-mod-mail (1.18.0-0ubuntu1.2) ...
Selecting previously unselected package libnginx-mod-stream.
Preparing to unpack .../29-libnginx-mod-stream_1.18.0-0ubuntu1.2_amd64.deb ...
Unpacking libnginx-mod-stream (1.18.0-0ubuntu1.2) ...
Selecting previously unselected package nginx-core.
Preparing to unpack .../30-nginx-core_1.18.0-0ubuntu1.2_amd64.deb ...
Unpacking nginx-core (1.18.0-0ubuntu1.2) ...
Selecting previously unselected package nginx.
Preparing to unpack .../31-nginx_1.18.0-0ubuntu1.2_all.deb ...
Unpacking nginx (1.18.0-0ubuntu1.2) ...
Setting up libxpm4:amd64 (1:3.5.12-1) ...
Setting up nginx-common (1.18.0-0ubuntu1.2) ...
debconf: unable to initialize frontend: Dialog
debconf: (No usable dialog-like program is installed, so the dialog based frontend cannot be used. at /usr/share/perl5/Debconf/FrontEnd/Dialog.pm line 76.)
debconf: falling back to frontend: Readline
Setting up libatm1:amd64 (1:2.5.1-4) ...
Setting up libjbig0:amd64 (2.1-3.1build1) ...
Setting up libcap2:amd64 (1:2.32-1) ...
Setting up tzdata (2021e-0ubuntu0.20.04) ...
debconf: unable to initialize frontend: Dialog
debconf: (No usable dialog-like program is installed, so the dialog based frontend cannot be used. at /usr/share/perl5/Debconf/FrontEnd/Dialog.pm line 76.)
debconf: falling back to frontend: Readline
Configuring tzdata
------------------

Please select the geographic area in which you live. Subsequent configuration questions will narrow this down by presenting a list of cities, representing the time zones in which they are located.

  1. Africa  2. America  3. Antarctica  4. Australia  5. Arctic  6. Asia  7. Atlantic  8. Europe  9. Indian  10. Pacific  11. SystemV  12. US  13. Etc
Geographic area: 8

Please select the city or region corresponding to your time zone.

  1. Amsterdam  7. Berlin      13. Chisinau    19. Isle_of_Man  25. Lisbon      31. Mariehamn  37. Paris      43. San_Marino  49. Stockholm  55. Vaduz      61. Zagreb
  2. Andorra    8. Bratislava  14. Copenhagen  20. Istanbul     26. Ljubljana   32. Minsk      38. Podgorica  44. Sarajevo    50. Tallinn    56. Vatican    62. Zaporozhye
  3. Astrakhan  9. Brussels    15. Dublin      21. Jersey       27. London      33. Monaco     39. Prague     45. Saratov     51. Tirane     57. Vienna     63. Zurich
  4. Athens     10. Bucharest  16. Gibraltar   22. Kaliningrad  28. Luxembourg  34. Moscow     40. Riga       46. Simferopol  52. Tiraspol   58. Vilnius
  5. Belfast    11. Budapest   17. Guernsey    23. Kiev         29. Madrid      35. Nicosia    41. Rome       47. Skopje      53. Ulyanovsk  59. Volgograd
  6. Belgrade   12. Busingen   18. Helsinki    24. Kirov        30. Malta       36. Oslo       42. Samara     48. Sofia       54. Uzhgorod   60. Warsaw
Time zone: 29


Current default time zone: 'Europe/Madrid'
Local time is now:      Fri Jan 21 13:46:29 CET 2022.
Universal Time is now:  Fri Jan 21 12:46:29 UTC 2022.
Run 'dpkg-reconfigure tzdata' if you wish to change it.

Setting up libcap2-bin (1:2.32-1) ...
Setting up libpng16-16:amd64 (1.6.37-2) ...
Setting up libmnl0:amd64 (1.0.4-2) ...
Setting up libwebp6:amd64 (0.6.1-2ubuntu0.20.04.1) ...
Setting up fonts-dejavu-core (2.37-1) ...
Setting up ucf (3.0038+nmu1) ...
debconf: unable to initialize frontend: Dialog
debconf: (No usable dialog-like program is installed, so the dialog based frontend cannot be used. at /usr/share/perl5/Debconf/FrontEnd/Dialog.pm line 76.)
debconf: falling back to frontend: Readline
Setting up libjpeg-turbo8:amd64 (2.0.3-0ubuntu1.20.04.1) ...
Setting up libxtables12:amd64 (1.8.4-3ubuntu2) ...
Setting up libelf1:amd64 (0.176-1.1build1) ...
Setting up libpam-cap:amd64 (1:2.32-1) ...
debconf: unable to initialize frontend: Dialog
debconf: (No usable dialog-like program is installed, so the dialog based frontend cannot be used. at /usr/share/perl5/Debconf/FrontEnd/Dialog.pm line 76.)
debconf: falling back to frontend: Readline
Setting up libjpeg8:amd64 (8c-2ubuntu8) ...
Setting up libnginx-mod-mail (1.18.0-0ubuntu1.2) ...
Setting up fontconfig-config (2.13.1-2ubuntu3) ...
Setting up iproute2 (5.5.0-1ubuntu1) ...
debconf: unable to initialize frontend: Dialog
debconf: (No usable dialog-like program is installed, so the dialog based frontend cannot be used. at /usr/share/perl5/Debconf/FrontEnd/Dialog.pm line 76.)
debconf: falling back to frontend: Readline
Setting up libicu66:amd64 (66.1-2ubuntu2.1) ...
Setting up libnginx-mod-stream (1.18.0-0ubuntu1.2) ...
Setting up libfreetype6:amd64 (2.10.1-2ubuntu0.1) ...
Setting up libtiff5:amd64 (4.1.0+git191117-2ubuntu0.20.04.2) ...
Setting up libfontconfig1:amd64 (2.13.1-2ubuntu3) ...
Setting up libxml2:amd64 (2.9.10+dfsg-5ubuntu0.20.04.1) ...
Setting up libgd3:amd64 (2.2.5-5.2ubuntu2.1) ...
Setting up libxslt1.1:amd64 (1.1.34-4) ...
Setting up libnginx-mod-http-image-filter (1.18.0-0ubuntu1.2) ...
Setting up libnginx-mod-http-xslt-filter (1.18.0-0ubuntu1.2) ...
Setting up nginx-core (1.18.0-0ubuntu1.2) ...
invoke-rc.d: could not determine current runlevel
invoke-rc.d: policy-rc.d denied execution of start.
Setting up nginx (1.18.0-0ubuntu1.2) ...
Processing triggers for libc-bin (2.31-0ubuntu9.2) ...
root@dbccd8171bb2:/# apt-get install curl
Reading package lists... Done
Building dependency tree       
Reading state information... Done
The following additional packages will be installed:
  libcurl4
The following NEW packages will be installed:
  curl libcurl4
0 upgraded, 2 newly installed, 0 to remove and 2 not upgraded.
Need to get 396 kB of archives.
After this operation, 1117 kB of additional disk space will be used.
Do you want to continue? [Y/n] Y
Get:1 http://archive.ubuntu.com/ubuntu focal-updates/main amd64 libcurl4 amd64 7.68.0-1ubuntu2.7 [234 kB]
Get:2 http://archive.ubuntu.com/ubuntu focal-updates/main amd64 curl amd64 7.68.0-1ubuntu2.7 [161 kB]
Fetched 396 kB in 0s (1817 kB/s)
debconf: delaying package configuration, since apt-utils is not installed
Selecting previously unselected package libcurl4:amd64.
(Reading database ... 10386 files and directories currently installed.)
Preparing to unpack .../libcurl4_7.68.0-1ubuntu2.7_amd64.deb ...
Unpacking libcurl4:amd64 (7.68.0-1ubuntu2.7) ...
Selecting previously unselected package curl.
Preparing to unpack .../curl_7.68.0-1ubuntu2.7_amd64.deb ...
Unpacking curl (7.68.0-1ubuntu2.7) ...
Setting up libcurl4:amd64 (7.68.0-1ubuntu2.7) ...
Setting up curl (7.68.0-1ubuntu2.7) ...
Processing triggers for libc-bin (2.31-0ubuntu9.2) ...
root@dbccd8171bb2:/# curl http://localhost/
curl: (7) Failed to connect to localhost port 80: Connection refused
root@dbccd8171bb2:/# nginx 
root@dbccd8171bb2:/# curl http://localhost/
<!DOCTYPE html>
<html>
<head>
<title>Welcome to nginx!</title>
<style>
    body {
        width: 35em;
        margin: 0 auto;
        font-family: Tahoma, Verdana, Arial, sans-serif;
    }
</style>
</head>
<body>
<h1>Welcome to nginx!</h1>
<p>If you see this page, the nginx web server is successfully installed and
working. Further configuration is required.</p>

<p>For online documentation and support please refer to
<a href="http://nginx.org/">nginx.org</a>.<br/>
Commercial support is available at
<a href="http://nginx.com/">nginx.com</a>.</p>

<p><em>Thank you for using nginx.</em></p>
</body>
</html>
root@dbccd8171bb2:/# cd /etc/nginx/      
root@dbccd8171bb2:/etc/nginx# ls -la
total 76
drwxr-xr-x 8 root root 4096 Jan 21 13:46 .
drwxr-xr-x 1 root root 4096 Jan 21 13:46 ..
drwxr-xr-x 2 root root 4096 May 25  2021 conf.d
-rw-r--r-- 1 root root 1077 Feb  4  2019 fastcgi.conf
-rw-r--r-- 1 root root 1007 Feb  4  2019 fastcgi_params
-rw-r--r-- 1 root root 2837 Feb  4  2019 koi-utf
-rw-r--r-- 1 root root 2223 Feb  4  2019 koi-win
-rw-r--r-- 1 root root 3957 Feb  4  2019 mime.types
drwxr-xr-x 2 root root 4096 May 25  2021 modules-available
drwxr-xr-x 2 root root 4096 Jan 21 13:46 modules-enabled
-rw-r--r-- 1 root root 1490 Feb  4  2019 nginx.conf
-rw-r--r-- 1 root root  180 Feb  4  2019 proxy_params
-rw-r--r-- 1 root root  636 Feb  4  2019 scgi_params
drwxr-xr-x 2 root root 4096 Jan 21 13:46 sites-available
drwxr-xr-x 2 root root 4096 Jan 21 13:46 sites-enabled
drwxr-xr-x 2 root root 4096 Jan 21 13:46 snippets
-rw-r--r-- 1 root root  664 Feb  4  2019 uwsgi_params
-rw-r--r-- 1 root root 3071 Feb  4  2019 win-utf
root@dbccd8171bb2:/etc/nginx# cd   

